INFO Draco is available, use library at C:\Program Files\Blender Foundation\Blender 5.2\5.2\scripts\addons_core\io_scene_gltf2\bf_intern_draco_bridge.dll
INFO MeshOptimizer is available, use library at C:\Program Files\Blender Foundation\Blender 5.2\5.2\scripts\addons_core\io_scene_gltf2\bf_intern_meshopt_bridge.dll
18:07:18 | INFO: Starting glTF 2.0 export
18:07:18 | INFO: Extracting primitive: acpt_ALUMINUM_DARK
18:07:18 | INFO: Primitives created: 1
18:07:18 | INFO: Extracting primitive: acpt_ALUMINUM_LIGHT
18:07:18 | INFO: Primitives created: 1
18:07:18 | INFO: Extracting primitive: acpt_GLASS_BLUE
18:07:18 | INFO: Primitives created: 1
18:07:18 | INFO: Extracting primitive: acpt_GLASS_NEUTRAL
18:07:18 | INFO: Primitives created: 1
18:07:18 | INFO: Extracting primitive: acpt_GRASS
18:07:18 | INFO: Primitives created: 1
18:07:18 | INFO: Finished glTF 2.0 export in 0.21197915077209473 s
C:\Users\joshu\Documents\BGC\scripts\m23\blender_build.py:67: DeprecationWarning: 'World.use_nodes' is expected to be removed in Blender 6.0
  scene.world.use_nodes=True;scene.world.node_tree.nodes['Background'].inputs[0].default_value=(.65,.72,.8,1);scene.world.node_tree.nodes['Background'].inputs[1].default_value=.5
01:17.500  render           | Saved: 'C:\Users\joshu\Documents\BGC\blender\renders\m23\m23r\acpt\AERIAL.png'
01:18.078  render           | Saved: 'C:\Users\joshu\Documents\BGC\blender\renders\m23\m23r\acpt\STREET_FRONT.png'
01:18.671  render           | Saved: 'C:\Users\joshu\Documents\BGC\blender\renders\m23\m23r\acpt\STREET_REAR.png'
01:19.250  render           | Saved: 'C:\Users\joshu\Documents\BGC\blender\renders\m23\m23r\acpt\LEFT.png'
01:19.812  render           | Saved: 'C:\Users\joshu\Documents\BGC\blender\renders\m23\m23r\acpt\RIGHT.png'
01:20.390  render           | Saved: 'C:\Users\joshu\Documents\BGC\blender\renders\m23\m23r\acpt\ROOF_OBLIQUE.png'

Info: Saved as "acpt.blend"
18:08:20 | INFO: Starting glTF 2.0 export
18:08:20 | INFO: Extracting primitive: lite_1070584575_ALUMINUM_LIGHT
18:08:20 | INFO: Primitives created: 1
18:08:20 | INFO: Extracting primitive: lite_1070584575_GLASS_NEUTRAL
18:08:20 | INFO: Primitives created: 1
18:08:20 | INFO: Extracting primitive: lite_1070584575_STONE_LIGHT
18:08:20 | INFO: Primitives created: 1
18:08:20 | INFO: Finished glTF 2.0 export in 0.03714275360107422 s
01:22.187  render           | Saved: 'C:\Users\joshu\Documents\BGC\blender\renders\m23\m23r\lite_1070584575\AERIAL.png'
01:22.734  render           | Saved: 'C:\Users\joshu\Documents\BGC\blender\renders\m23\m23r\lite_1070584575\STREET_FRONT.png'
01:23.296  render           | Saved: 'C:\Users\joshu\Documents\BGC\blender\renders\m23\m23r\lite_1070584575\STREET_REAR.png'
01:23.906  render           | Saved: 'C:\Users\joshu\Documents\BGC\blender\renders\m23\m23r\lite_1070584575\LEFT.png'
01:24.484  render           | Saved: 'C:\Users\joshu\Documents\BGC\blender\renders\m23\m23r\lite_1070584575\RIGHT.png'
01:25.109  render           | Saved: 'C:\Users\joshu\Documents\BGC\blender\renders\m23\m23r\lite_1070584575\ROOF_OBLIQUE.png'

Info: Saved as "lite_1070584575.blend"
18:08:24 | INFO: Starting glTF 2.0 export
18:08:24 | INFO: Extracting primitive: lite_1071370324_ALUMINUM_LIGHT
18:08:24 | INFO: Primitives created: 1
18:08:24 | INFO: Extracting primitive: lite_1071370324_GLASS_NEUTRAL
18:08:24 | INFO: Primitives created: 1
18:08:24 | INFO: Extracting primitive: lite_1071370324_STONE_LIGHT
18:08:24 | INFO: Primitives created: 1
18:08:24 | INFO: Finished glTF 2.0 export in 0.03558015823364258 s
01:25.953  render           | Saved: 'C:\Users\joshu\Documents\BGC\blender\renders\m23\m23r\lite_1071370324\AERIAL.png'
01:26.484  render           | Saved: 'C:\Users\joshu\Documents\BGC\blender\renders\m23\m23r\lite_1071370324\STREET_FRONT.png'
01:27.093  render           | Saved: 'C:\Users\joshu\Documents\BGC\blender\renders\m23\m23r\lite_1071370324\STREET_REAR.png'
01:27.671  render           | Saved: 'C:\Users\joshu\Documents\BGC\blender\renders\m23\m23r\lite_1071370324\LEFT.png'
01:28.296  render           | Saved: 'C:\Users\joshu\Documents\BGC\blender\renders\m23\m23r\lite_1071370324\RIGHT.png'
01:28.921  render           | Saved: 'C:\Users\joshu\Documents\BGC\blender\renders\m23\m23r\lite_1071370324\ROOF_OBLIQUE.png'

Info: Saved as "lite_1071370324.blend"
18:08:28 | INFO: Starting glTF 2.0 export
18:08:28 | INFO: Extracting primitive: lite_131229047_ALUMINUM_DARK
18:08:28 | INFO: Primitives created: 1
18:08:28 | INFO: Extracting primitive: lite_131229047_ALUMINUM_LIGHT
18:08:28 | INFO: Primitives created: 1
18:08:28 | INFO: Extracting primitive: lite_131229047_GLASS_BLUE
18:08:28 | INFO: Primitives created: 1
18:08:28 | INFO: Extracting primitive: lite_131229047_GLASS_NEUTRAL
18:08:28 | INFO: Primitives created: 1
18:08:28 | INFO: Finished glTF 2.0 export in 0.03526139259338379 s
01:29.734  render           | Saved: 'C:\Users\joshu\Documents\BGC\blender\renders\m23\m23r\lite_131229047\AERIAL.png'
01:30.375  render           | Saved: 'C:\Users\joshu\Documents\BGC\blender\renders\m23\m23r\lite_131229047\STREET_FRONT.png'
01:30.953  render           | Saved: 'C:\Users\joshu\Documents\BGC\blender\renders\m23\m23r\lite_131229047\STREET_REAR.png'
01:31.593  render           | Saved: 'C:\Users\joshu\Documents\BGC\blender\renders\m23\m23r\lite_131229047\LEFT.png'
01:32.281  render           | Saved: 'C:\Users\joshu\Documents\BGC\blender\renders\m23\m23r\lite_131229047\RIGHT.png'
01:32.921  render           | Saved: 'C:\Users\joshu\Documents\BGC\blender\renders\m23\m23r\lite_131229047\ROOF_OBLIQUE.png'

Info: Saved as "lite_131229047.blend"
18:08:32 | INFO: Starting glTF 2.0 export
18:08:32 | INFO: Extracting primitive: lite_27442841_ALUMINUM_LIGHT
18:08:32 | INFO: Primitives created: 1
18:08:32 | INFO: Extracting primitive: lite_27442841_GLASS_NEUTRAL
18:08:32 | INFO: Primitives created: 1
18:08:32 | INFO: Extracting primitive: lite_27442841_STONE_LIGHT
18:08:32 | INFO: Primitives created: 1
18:08:32 | INFO: Finished glTF 2.0 export in 0.05131649971008301 s
01:33.843  render           | Saved: 'C:\Users\joshu\Documents\BGC\blender\renders\m23\m23r\lite_27442841\AERIAL.png'
01:34.437  render           | Saved: 'C:\Users\joshu\Documents\BGC\blender\renders\m23\m23r\lite_27442841\STREET_FRONT.png'
01:35.046  render           | Saved: 'C:\Users\joshu\Documents\BGC\blender\renders\m23\m23r\lite_27442841\STREET_REAR.png'
01:35.656  render           | Saved: 'C:\Users\joshu\Documents\BGC\blender\renders\m23\m23r\lite_27442841\LEFT.png'
01:36.265  render           | Saved: 'C:\Users\joshu\Documents\BGC\blender\renders\m23\m23r\lite_27442841\RIGHT.png'
01:36.890  render           | Saved: 'C:\Users\joshu\Documents\BGC\blender\renders\m23\m23r\lite_27442841\ROOF_OBLIQUE.png'

Info: Saved as "lite_27442841.blend"
18:08:36 | INFO: Starting glTF 2.0 export
18:08:36 | INFO: Extracting primitive: lite_27442849_ALUMINUM_LIGHT
18:08:36 | INFO: Primitives created: 1
18:08:36 | INFO: Extracting primitive: lite_27442849_GLASS_NEUTRAL
18:08:36 | INFO: Primitives created: 1
18:08:36 | INFO: Extracting primitive: lite_27442849_STONE_LIGHT
18:08:36 | INFO: Primitives created: 1
18:08:36 | INFO: Finished glTF 2.0 export in 0.04952716827392578 s
01:37.765  render           | Saved: 'C:\Users\joshu\Documents\BGC\blender\renders\m23\m23r\lite_27442849\AERIAL.png'
01:38.359  render           | Saved: 'C:\Users\joshu\Documents\BGC\blender\renders\m23\m23r\lite_27442849\STREET_FRONT.png'
01:38.953  render           | Saved: 'C:\Users\joshu\Documents\BGC\blender\renders\m23\m23r\lite_27442849\STREET_REAR.png'
01:39.562  render           | Saved: 'C:\Users\joshu\Documents\BGC\blender\renders\m23\m23r\lite_27442849\LEFT.png'
01:40.187  render           | Saved: 'C:\Users\joshu\Documents\BGC\blender\renders\m23\m23r\lite_27442849\RIGHT.png'
01:40.859  render           | Saved: 'C:\Users\joshu\Documents\BGC\blender\renders\m23\m23r\lite_27442849\ROOF_OBLIQUE.png'

Info: Saved as "lite_27442849.blend"
18:08:40 | INFO: Starting glTF 2.0 export
18:08:40 | INFO: Extracting primitive: lite_37075972_ALUMINUM_LIGHT
18:08:40 | INFO: Primitives created: 1
18:08:40 | INFO: Extracting primitive: lite_37075972_GLASS_NEUTRAL
18:08:40 | INFO: Primitives created: 1
18:08:40 | INFO: Extracting primitive: lite_37075972_STONE_LIGHT
18:08:40 | INFO: Primitives created: 1
18:08:40 | INFO: Finished glTF 2.0 export in 0.04204416275024414 s
01:41.750  render           | Saved: 'C:\Users\joshu\Documents\BGC\blender\renders\m23\m23r\lite_37075972\AERIAL.png'
01:42.343  render           | Saved: 'C:\Users\joshu\Documents\BGC\blender\renders\m23\m23r\lite_37075972\STREET_FRONT.png'
01:42.937  render           | Saved: 'C:\Users\joshu\Documents\BGC\blender\renders\m23\m23r\lite_37075972\STREET_REAR.png'
01:43.578  render           | Saved: 'C:\Users\joshu\Documents\BGC\blender\renders\m23\m23r\lite_37075972\LEFT.png'
01:44.171  render           | Saved: 'C:\Users\joshu\Documents\BGC\blender\renders\m23\m23r\lite_37075972\RIGHT.png'
01:44.796  render           | Saved: 'C:\Users\joshu\Documents\BGC\blender\renders\m23\m23r\lite_37075972\ROOF_OBLIQUE.png'

Info: Saved as "lite_37075972.blend"
18:08:44 | INFO: Starting glTF 2.0 export
18:08:44 | INFO: Extracting primitive: lite_469658015_ALUMINUM_DARK
18:08:44 | INFO: Primitives created: 1
18:08:44 | INFO: Extracting primitive: lite_469658015_GLASS_BLUE
18:08:44 | INFO: Primitives created: 1
18:08:44 | INFO: Extracting primitive: lite_469658015_GLASS_NEUTRAL
18:08:44 | INFO: Primitives created: 1
18:08:44 | INFO: Finished glTF 2.0 export in 0.017595767974853516 s
01:45.546  render           | Saved: 'C:\Users\joshu\Documents\BGC\blender\renders\m23\m23r\lite_469658015\AERIAL.png'
01:46.062  render           | Saved: 'C:\Users\joshu\Documents\BGC\blender\renders\m23\m23r\lite_469658015\STREET_FRONT.png'
01:46.625  render           | Saved: 'C:\Users\joshu\Documents\BGC\blender\renders\m23\m23r\lite_469658015\STREET_REAR.png'
01:47.218  render           | Saved: 'C:\Users\joshu\Documents\BGC\blender\renders\m23\m23r\lite_469658015\LEFT.png'
01:47.812  render           | Saved: 'C:\Users\joshu\Documents\BGC\blender\renders\m23\m23r\lite_469658015\RIGHT.png'
01:48.453  render           | Saved: 'C:\Users\joshu\Documents\BGC\blender\renders\m23\m23r\lite_469658015\ROOF_OBLIQUE.png'

Info: Saved as "lite_469658015.blend"
18:08:48 | INFO: Starting glTF 2.0 export
18:08:48 | INFO: Extracting primitive: lite_538341464_ALUMINUM_LIGHT
18:08:48 | INFO: Primitives created: 1
18:08:48 | INFO: Extracting primitive: lite_538341464_GLASS_NEUTRAL
18:08:48 | INFO: Primitives created: 1
18:08:48 | INFO: Extracting primitive: lite_538341464_STONE_LIGHT
18:08:48 | INFO: Primitives created: 1
18:08:48 | INFO: Finished glTF 2.0 export in 0.03695511817932129 s
01:49.343  render           | Saved: 'C:\Users\joshu\Documents\BGC\blender\renders\m23\m23r\lite_538341464\AERIAL.png'
01:49.937  render           | Saved: 'C:\Users\joshu\Documents\BGC\blender\renders\m23\m23r\lite_538341464\STREET_FRONT.png'
01:50.562  render           | Saved: 'C:\Users\joshu\Documents\BGC\blender\renders\m23\m23r\lite_538341464\STREET_REAR.png'
01:51.171  render           | Saved: 'C:\Users\joshu\Documents\BGC\blender\renders\m23\m23r\lite_538341464\LEFT.png'
01:51.765  render           | Saved: 'C:\Users\joshu\Documents\BGC\blender\renders\m23\m23r\lite_538341464\RIGHT.png'
01:52.390  render           | Saved: 'C:\Users\joshu\Documents\BGC\blender\renders\m23\m23r\lite_538341464\ROOF_OBLIQUE.png'

Info: Saved as "lite_538341464.blend"
18:08:51 | INFO: Starting glTF 2.0 export
18:08:51 | INFO: Extracting primitive: lite_538347432_ALUMINUM_LIGHT
18:08:51 | INFO: Primitives created: 1
18:08:51 | INFO: Extracting primitive: lite_538347432_GLASS_NEUTRAL
18:08:52 | INFO: Primitives created: 1
18:08:52 | INFO: Extracting primitive: lite_538347432_STONE_LIGHT
18:08:52 | INFO: Primitives created: 1
18:08:52 | INFO: Finished glTF 2.0 export in 0.039769649505615234 s
01:53.281  render           | Saved: 'C:\Users\joshu\Documents\BGC\blender\renders\m23\m23r\lite_538347432\AERIAL.png'
01:53.875  render           | Saved: 'C:\Users\joshu\Documents\BGC\blender\renders\m23\m23r\lite_538347432\STREET_FRONT.png'
01:54.484  render           | Saved: 'C:\Users\joshu\Documents\BGC\blender\renders\m23\m23r\lite_538347432\STREET_REAR.png'
01:55.093  render           | Saved: 'C:\Users\joshu\Documents\BGC\blender\renders\m23\m23r\lite_538347432\LEFT.png'
01:55.734  render           | Saved: 'C:\Users\joshu\Documents\BGC\blender\renders\m23\m23r\lite_538347432\RIGHT.png'
01:56.406  render           | Saved: 'C:\Users\joshu\Documents\BGC\blender\renders\m23\m23r\lite_538347432\ROOF_OBLIQUE.png'

Info: Saved as "lite_538347432.blend"
18:08:55 | INFO: Starting glTF 2.0 export
18:08:55 | INFO: Extracting primitive: lite_66405543_ALUMINUM_DARK
18:08:55 | INFO: Primitives created: 1
18:08:55 | INFO: Extracting primitive: lite_66405543_ALUMINUM_LIGHT
18:08:55 | INFO: Primitives created: 1
18:08:55 | INFO: Extracting primitive: lite_66405543_GLASS_BLUE
18:08:55 | INFO: Primitives created: 1
18:08:55 | INFO: Extracting primitive: lite_66405543_GLASS_NEUTRAL
18:08:55 | INFO: Primitives created: 1
18:08:56 | INFO: Finished glTF 2.0 export in 0.03959846496582031 s
01:57.312  render           | Saved: 'C:\Users\joshu\Documents\BGC\blender\renders\m23\m23r\lite_66405543\AERIAL.png'
01:58.015  render           | Saved: 'C:\Users\joshu\Documents\BGC\blender\renders\m23\m23r\lite_66405543\STREET_FRONT.png'
01:58.687  render           | Saved: 'C:\Users\joshu\Documents\BGC\blender\renders\m23\m23r\lite_66405543\STREET_REAR.png'
01:59.375  render           | Saved: 'C:\Users\joshu\Documents\BGC\blender\renders\m23\m23r\lite_66405543\LEFT.png'
02:00.031  render           | Saved: 'C:\Users\joshu\Documents\BGC\blender\renders\m23\m23r\lite_66405543\RIGHT.png'
02:00.750  render           | Saved: 'C:\Users\joshu\Documents\BGC\blender\renders\m23\m23r\lite_66405543\ROOF_OBLIQUE.png'

Info: Saved as "lite_66405543.blend"
18:09:00 | INFO: Starting glTF 2.0 export
18:09:00 | INFO: Extracting primitive: lite_72861479_ALUMINUM_LIGHT
18:09:00 | INFO: Primitives created: 1
18:09:00 | INFO: Extracting primitive: lite_72861479_GLASS_NEUTRAL
18:09:00 | INFO: Primitives created: 1
18:09:00 | INFO: Extracting primitive: lite_72861479_STONE_LIGHT
18:09:00 | INFO: Primitives created: 1
18:09:00 | INFO: Finished glTF 2.0 export in 0.042070865631103516 s
02:01.718  render           | Saved: 'C:\Users\joshu\Documents\BGC\blender\renders\m23\m23r\lite_72861479\AERIAL.png'
02:02.375  render           | Saved: 'C:\Users\joshu\Documents\BGC\blender\renders\m23\m23r\lite_72861479\STREET_FRONT.png'
02:03.015  render           | Saved: 'C:\Users\joshu\Documents\BGC\blender\renders\m23\m23r\lite_72861479\STREET_REAR.png'
02:03.687  render           | Saved: 'C:\Users\joshu\Documents\BGC\blender\renders\m23\m23r\lite_72861479\LEFT.png'
02:04.343  render           | Saved: 'C:\Users\joshu\Documents\BGC\blender\renders\m23\m23r\lite_72861479\RIGHT.png'
02:05.390  render           | Saved: 'C:\Users\joshu\Documents\BGC\blender\renders\m23\m23r\lite_72861479\ROOF_OBLIQUE.png'

Info: Saved as "lite_72861479.blend"
18:09:04 | INFO: Starting glTF 2.0 export
18:09:04 | INFO: Extracting primitive: lite_72861481_ALUMINUM_LIGHT
18:09:04 | INFO: Primitives created: 1
18:09:04 | INFO: Extracting primitive: lite_72861481_GLASS_NEUTRAL
18:09:04 | INFO: Primitives created: 1
18:09:04 | INFO: Extracting primitive: lite_72861481_STONE_LIGHT
18:09:04 | INFO: Primitives created: 1
18:09:04 | INFO: Finished glTF 2.0 export in 0.028558969497680664 s
02:06.234  render           | Saved: 'C:\Users\joshu\Documents\BGC\blender\renders\m23\m23r\lite_72861481\AERIAL.png'
02:06.812  render           | Saved: 'C:\Users\joshu\Documents\BGC\blender\renders\m23\m23r\lite_72861481\STREET_FRONT.png'
02:07.421  render           | Saved: 'C:\Users\joshu\Documents\BGC\blender\renders\m23\m23r\lite_72861481\STREET_REAR.png'
02:08.015  render           | Saved: 'C:\Users\joshu\Documents\BGC\blender\renders\m23\m23r\lite_72861481\LEFT.png'
02:08.625  render           | Saved: 'C:\Users\joshu\Documents\BGC\blender\renders\m23\m23r\lite_72861481\RIGHT.png'
02:09.265  render           | Saved: 'C:\Users\joshu\Documents\BGC\blender\renders\m23\m23r\lite_72861481\ROOF_OBLIQUE.png'

Info: Saved as "lite_72861481.blend"
18:09:08 | INFO: Starting glTF 2.0 export
18:09:08 | INFO: Extracting primitive: lite_783121691_ALUMINUM_DARK
18:09:08 | INFO: Primitives created: 1
18:09:08 | INFO: Extracting primitive: lite_783121691_ALUMINUM_LIGHT
18:09:08 | INFO: Primitives created: 1
18:09:08 | INFO: Extracting primitive: lite_783121691_GLASS_BLUE
18:09:08 | INFO: Primitives created: 1
18:09:08 | INFO: Extracting primitive: lite_783121691_GLASS_NEUTRAL
18:09:08 | INFO: Primitives created: 1
18:09:08 | INFO: Finished glTF 2.0 export in 0.04617953300476074 s
02:10.250  render           | Saved: 'C:\Users\joshu\Documents\BGC\blender\renders\m23\m23r\lite_783121691\AERIAL.png'
02:10.875  render           | Saved: 'C:\Users\joshu\Documents\BGC\blender\renders\m23\m23r\lite_783121691\STREET_FRONT.png'
02:11.515  render           | Saved: 'C:\Users\joshu\Documents\BGC\blender\renders\m23\m23r\lite_783121691\STREET_REAR.png'
02:12.125  render           | Saved: 'C:\Users\joshu\Documents\BGC\blender\renders\m23\m23r\lite_783121691\LEFT.png'
02:12.781  render           | Saved: 'C:\Users\joshu\Documents\BGC\blender\renders\m23\m23r\lite_783121691\RIGHT.png'
02:13.453  render           | Saved: 'C:\Users\joshu\Documents\BGC\blender\renders\m23\m23r\lite_783121691\ROOF_OBLIQUE.png'

Info: Saved as "lite_783121691.blend"
18:09:13 | INFO: Starting glTF 2.0 export
18:09:13 | INFO: Extracting primitive: lite_846365706_ALUMINUM_LIGHT
18:09:13 | INFO: Primitives created: 1
18:09:13 | INFO: Extracting primitive: lite_846365706_GLASS_NEUTRAL
18:09:13 | INFO: Primitives created: 1
18:09:13 | INFO: Extracting primitive: lite_846365706_STONE_LIGHT
18:09:13 | INFO: Primitives created: 1
18:09:13 | INFO: Finished glTF 2.0 export in 0.053726911544799805 s
02:14.328  render           | Saved: 'C:\Users\joshu\Documents\BGC\blender\renders\m23\m23r\lite_846365706\AERIAL.png'
02:14.921  render           | Saved: 'C:\Users\joshu\Documents\BGC\blender\renders\m23\m23r\lite_846365706\STREET_FRONT.png'
02:15.546  render           | Saved: 'C:\Users\joshu\Documents\BGC\blender\renders\m23\m23r\lite_846365706\STREET_REAR.png'
02:16.093  render           | Saved: 'C:\Users\joshu\Documents\BGC\blender\renders\m23\m23r\lite_846365706\LEFT.png'
02:16.734  render           | Saved: 'C:\Users\joshu\Documents\BGC\blender\renders\m23\m23r\lite_846365706\RIGHT.png'
02:17.343  render           | Saved: 'C:\Users\joshu\Documents\BGC\blender\renders\m23\m23r\lite_846365706\ROOF_OBLIQUE.png'

Info: Saved as "lite_846365706.blend"
18:09:16 | INFO: Starting glTF 2.0 export
18:09:16 | INFO: Extracting primitive: market_market_ALUMINUM_DARK
18:09:16 | INFO: Primitives created: 1
18:09:16 | INFO: Extracting primitive: market_market_ALUMINUM_LIGHT
18:09:16 | INFO: Primitives created: 1
18:09:16 | INFO: Extracting primitive: market_market_GLASS_BLUE
18:09:16 | INFO: Primitives created: 1
18:09:16 | INFO: Extracting primitive: market_market_STONE_BEIGE
18:09:16 | INFO: Primitives created: 1
18:09:16 | INFO: Finished glTF 2.0 export in 0.031697988510131836 s
02:18.203  render           | Saved: 'C:\Users\joshu\Documents\BGC\blender\renders\m23\m23r\market_market\AERIAL.png'
02:18.796  render           | Saved: 'C:\Users\joshu\Documents\BGC\blender\renders\m23\m23r\market_market\STREET_FRONT.png'
02:19.421  render           | Saved: 'C:\Users\joshu\Documents\BGC\blender\renders\m23\m23r\market_market\STREET_REAR.png'
02:19.984  render           | Saved: 'C:\Users\joshu\Documents\BGC\blender\renders\m23\m23r\market_market\LEFT.png'
02:20.593  render           | Saved: 'C:\Users\joshu\Documents\BGC\blender\renders\m23\m23r\market_market\RIGHT.png'
02:21.218  render           | Saved: 'C:\Users\joshu\Documents\BGC\blender\renders\m23\m23r\market_market\ROOF_OBLIQUE.png'

Info: Saved as "market_market.blend"
18:09:20 | INFO: Starting glTF 2.0 export
18:09:20 | INFO: Extracting primitive: mind_museum_ALUMINUM_DARK
18:09:20 | INFO: Primitives created: 1
18:09:20 | INFO: Extracting primitive: mind_museum_ALUMINUM_LIGHT
18:09:20 | INFO: Primitives created: 1
18:09:20 | INFO: Extracting primitive: mind_museum_GLASS_DARK
18:09:20 | INFO: Primitives created: 1
18:09:20 | INFO: Extracting primitive: mind_museum_METAL_BLACK
18:09:20 | INFO: Primitives created: 1
18:09:20 | INFO: Finished glTF 2.0 export in 0.034166574478149414 s
02:22.046  render           | Saved: 'C:\Users\joshu\Documents\BGC\blender\renders\m23\m23r\mind_museum\AERIAL.png'
02:22.718  render           | Saved: 'C:\Users\joshu\Documents\BGC\blender\renders\m23\m23r\mind_museum\STREET_FRONT.png'
02:23.375  render           | Saved: 'C:\Users\joshu\Documents\BGC\blender\renders\m23\m23r\mind_museum\STREET_REAR.png'
02:24.000  render           | Saved: 'C:\Users\joshu\Documents\BGC\blender\renders\m23\m23r\mind_museum\LEFT.png'
02:24.625  render           | Saved: 'C:\Users\joshu\Documents\BGC\blender\renders\m23\m23r\mind_museum\RIGHT.png'
02:25.265  render           | Saved: 'C:\Users\joshu\Documents\BGC\blender\renders\m23\m23r\mind_museum\ROOF_OBLIQUE.png'

Info: Saved as "mind_museum.blend"
18:09:24 | INFO: Starting glTF 2.0 export
18:09:24 | INFO: Extracting primitive: mitsukoshi_ALUMINUM_DARK
18:09:24 | INFO: Primitives created: 1
18:09:24 | INFO: Extracting primitive: mitsukoshi_ALUMINUM_LIGHT
18:09:24 | INFO: Primitives created: 1
18:09:24 | INFO: Extracting primitive: mitsukoshi_GLASS_BLUE
18:09:24 | INFO: Primitives created: 1
18:09:24 | INFO: Extracting primitive: mitsukoshi_STONE_BEIGE
18:09:24 | INFO: Primitives created: 1
18:09:24 | INFO: Extracting primitive: mitsukoshi_STONE_LIGHT
18:09:24 | INFO: Primitives created: 1
18:09:24 | INFO: Finished glTF 2.0 export in 0.04970836639404297 s
02:26.187  render           | Saved: 'C:\Users\joshu\Documents\BGC\blender\renders\m23\m23r\mitsukoshi\AERIAL.png'
02:26.796  render           | Saved: 'C:\Users\joshu\Documents\BGC\blender\renders\m23\m23r\mitsukoshi\STREET_FRONT.png'
02:27.375  render           | Saved: 'C:\Users\joshu\Documents\BGC\blender\renders\m23\m23r\mitsukoshi\STREET_REAR.png'
02:27.968  render           | Saved: 'C:\Users\joshu\Documents\BGC\blender\renders\m23\m23r\mitsukoshi\LEFT.png'
02:28.578  render           | Saved: 'C:\Users\joshu\Documents\BGC\blender\renders\m23\m23r\mitsukoshi\RIGHT.png'
02:29.250  render           | Saved: 'C:\Users\joshu\Documents\BGC\blender\renders\m23\m23r\mitsukoshi\ROOF_OBLIQUE.png'

Info: Saved as "mitsukoshi.blend"
18:09:28 | INFO: Starting glTF 2.0 export
18:09:28 | INFO: Extracting primitive: one_bonifacio_ALUMINUM_DARK
18:09:28 | INFO: Primitives created: 1
18:09:28 | INFO: Extracting primitive: one_bonifacio_ALUMINUM_LIGHT
18:09:28 | INFO: Primitives created: 1
18:09:28 | INFO: Extracting primitive: one_bonifacio_GLASS_BLUE
18:09:28 | INFO: Primitives created: 1
18:09:28 | INFO: Extracting primitive: one_bonifacio_STONE_BEIGE
18:09:28 | INFO: Primitives created: 1
18:09:28 | INFO: Finished glTF 2.0 export in 0.03876900672912598 s
02:30.125  render           | Saved: 'C:\Users\joshu\Documents\BGC\blender\renders\m23\m23r\one_bonifacio\AERIAL.png'
02:30.687  render           | Saved: 'C:\Users\joshu\Documents\BGC\blender\renders\m23\m23r\one_bonifacio\STREET_FRONT.png'
02:31.296  render           | Saved: 'C:\Users\joshu\Documents\BGC\blender\renders\m23\m23r\one_bonifacio\STREET_REAR.png'
02:31.875  render           | Saved: 'C:\Users\joshu\Documents\BGC\blender\renders\m23\m23r\one_bonifacio\LEFT.png'
02:32.468  render           | Saved: 'C:\Users\joshu\Documents\BGC\blender\renders\m23\m23r\one_bonifacio\RIGHT.png'
02:33.062  render           | Saved: 'C:\Users\joshu\Documents\BGC\blender\renders\m23\m23r\one_bonifacio\ROOF_OBLIQUE.png'

Info: Saved as "one_bonifacio.blend"
18:09:32 | INFO: Starting glTF 2.0 export
18:09:32 | INFO: Extracting primitive: one_uptown_ALUMINUM_DARK
18:09:32 | INFO: Primitives created: 1
18:09:32 | INFO: Extracting primitive: one_uptown_ALUMINUM_LIGHT
18:09:32 | INFO: Primitives created: 1
18:09:32 | INFO: Extracting primitive: one_uptown_GLASS_BLUE
18:09:32 | INFO: Primitives created: 1
18:09:32 | INFO: Extracting primitive: one_uptown_GLASS_NEUTRAL
18:09:32 | INFO: Primitives created: 1
18:09:32 | INFO: Extracting primitive: one_uptown_GRASS
18:09:32 | INFO: Primitives created: 1
18:09:32 | INFO: Finished glTF 2.0 export in 0.04796147346496582 s
02:33.890  render           | Saved: 'C:\Users\joshu\Documents\BGC\blender\renders\m23\m23r\one_uptown\AERIAL.png'
02:34.453  render           | Saved: 'C:\Users\joshu\Documents\BGC\blender\renders\m23\m23r\one_uptown\STREET_FRONT.png'
02:35.062  render           | Saved: 'C:\Users\joshu\Documents\BGC\blender\renders\m23\m23r\one_uptown\STREET_REAR.png'
02:35.687  render           | Saved: 'C:\Users\joshu\Documents\BGC\blender\renders\m23\m23r\one_uptown\LEFT.png'
02:36.343  render           | Saved: 'C:\Users\joshu\Documents\BGC\blender\renders\m23\m23r\one_uptown\RIGHT.png'
02:37.031  render           | Saved: 'C:\Users\joshu\Documents\BGC\blender\renders\m23\m23r\one_uptown\ROOF_OBLIQUE.png'

Info: Saved as "one_uptown.blend"
18:09:36 | INFO: Starting glTF 2.0 export
18:09:36 | INFO: Extracting primitive: parksuites_ALUMINUM_LIGHT
18:09:36 | INFO: Primitives created: 1
18:09:36 | INFO: Extracting primitive: parksuites_GLASS_NEUTRAL
18:09:36 | INFO: Primitives created: 1
18:09:36 | INFO: Extracting primitive: parksuites_STONE_BEIGE
18:09:36 | INFO: Primitives created: 1
18:09:36 | INFO: Extracting primitive: parksuites_STONE_LIGHT
18:09:36 | INFO: Primitives created: 1
18:09:36 | INFO: Finished glTF 2.0 export in 0.09528851509094238 s
02:38.156  render           | Saved: 'C:\Users\joshu\Documents\BGC\blender\renders\m23\m23r\parksuites\AERIAL.png'
02:38.812  render           | Saved: 'C:\Users\joshu\Documents\BGC\blender\renders\m23\m23r\parksuites\STREET_FRONT.png'
02:39.812  render           | Saved: 'C:\Users\joshu\Documents\BGC\blender\renders\m23\m23r\parksuites\STREET_REAR.png'
02:40.406  render           | Saved: 'C:\Users\joshu\Documents\BGC\blender\renders\m23\m23r\parksuites\LEFT.png'
02:41.062  render           | Saved: 'C:\Users\joshu\Documents\BGC\blender\renders\m23\m23r\parksuites\RIGHT.png'
02:41.703  render           | Saved: 'C:\Users\joshu\Documents\BGC\blender\renders\m23\m23r\parksuites\ROOF_OBLIQUE.png'

Info: Saved as "parksuites.blend"
18:09:41 | INFO: Starting glTF 2.0 export
18:09:41 | INFO: Extracting primitive: pse_ALUMINUM_DARK
18:09:41 | INFO: Primitives created: 1
18:09:41 | INFO: Extracting primitive: pse_ALUMINUM_LIGHT
18:09:41 | INFO: Primitives created: 1
18:09:41 | INFO: Extracting primitive: pse_GLASS_BLUE
18:09:41 | INFO: Primitives created: 1
18:09:41 | INFO: Extracting primitive: pse_GLASS_NEUTRAL
18:09:41 | INFO: Primitives created: 1
18:09:41 | INFO: Extracting primitive: pse_PAINT_WHITE
18:09:41 | INFO: Primitives created: 1
18:09:41 | INFO: Extracting primitive: pse_STONE_BEIGE
18:09:41 | INFO: Primitives created: 1
18:09:41 | INFO: Finished glTF 2.0 export in 0.06430888175964355 s
02:42.812  render           | Saved: 'C:\Users\joshu\Documents\BGC\blender\renders\m23\m23r\pse\AERIAL.png'
02:43.468  render           | Saved: 'C:\Users\joshu\Documents\BGC\blender\renders\m23\m23r\pse\STREET_FRONT.png'
02:44.125  render           | Saved: 'C:\Users\joshu\Documents\BGC\blender\renders\m23\m23r\pse\STREET_REAR.png'
02:44.812  render           | Saved: 'C:\Users\joshu\Documents\BGC\blender\renders\m23\m23r\pse\LEFT.png'
02:45.484  render           | Saved: 'C:\Users\joshu\Documents\BGC\blender\renders\m23\m23r\pse\RIGHT.png'
02:46.265  render           | Saved: 'C:\Users\joshu\Documents\BGC\blender\renders\m23\m23r\pse\ROOF_OBLIQUE.png'

Info: Saved as "pse.blend"
18:09:45 | INFO: Starting glTF 2.0 export
18:09:45 | INFO: Extracting primitive: seasons_ALUMINUM_DARK
18:09:45 | INFO: Primitives created: 1
18:09:45 | INFO: Extracting primitive: seasons_GLASS_GREEN
18:09:45 | INFO: Primitives created: 1
18:09:45 | INFO: Extracting primitive: seasons_GLASS_NEUTRAL
18:09:45 | INFO: Primitives created: 1
18:09:45 | INFO: Extracting primitive: seasons_STONE_BEIGE
18:09:45 | INFO: Primitives created: 1
18:09:45 | INFO: Finished glTF 2.0 export in 0.0823512077331543 s
02:47.296  render           | Saved: 'C:\Users\joshu\Documents\BGC\blender\renders\m23\m23r\seasons\AERIAL.png'
02:47.921  render           | Saved: 'C:\Users\joshu\Documents\BGC\blender\renders\m23\m23r\seasons\STREET_FRONT.png'
02:48.578  render           | Saved: 'C:\Users\joshu\Documents\BGC\blender\renders\m23\m23r\seasons\STREET_REAR.png'
02:49.250  render           | Saved: 'C:\Users\joshu\Documents\BGC\blender\renders\m23\m23r\seasons\LEFT.png'
02:49.906  render           | Saved: 'C:\Users\joshu\Documents\BGC\blender\renders\m23\m23r\seasons\RIGHT.png'
02:50.562  render           | Saved: 'C:\Users\joshu\Documents\BGC\blender\renders\m23\m23r\seasons\ROOF_OBLIQUE.png'

Info: Saved as "seasons.blend"
18:09:50 | INFO: Starting glTF 2.0 export
18:09:50 | INFO: Extracting primitive: serendra_bamboo_ALUMINUM_LIGHT
18:09:50 | INFO: Primitives created: 1
18:09:50 | INFO: Extracting primitive: serendra_bamboo_GLASS_NEUTRAL
18:09:50 | INFO: Primitives created: 1
18:09:50 | INFO: Extracting primitive: serendra_bamboo_STONE_LIGHT
18:09:50 | INFO: Primitives created: 1
18:09:50 | INFO: Finished glTF 2.0 export in 0.024448871612548828 s
02:51.421  render           | Saved: 'C:\Users\joshu\Documents\BGC\blender\renders\m23\m23r\serendra_bamboo\AERIAL.png'
02:52.046  render           | Saved: 'C:\Users\joshu\Documents\BGC\blender\renders\m23\m23r\serendra_bamboo\STREET_FRONT.png'
02:52.718  render           | Saved: 'C:\Users\joshu\Documents\BGC\blender\renders\m23\m23r\serendra_bamboo\STREET_REAR.png'
02:53.390  render           | Saved: 'C:\Users\joshu\Documents\BGC\blender\renders\m23\m23r\serendra_bamboo\LEFT.png'
02:54.062  render           | Saved: 'C:\Users\joshu\Documents\BGC\blender\renders\m23\m23r\serendra_bamboo\RIGHT.png'
02:54.750  render           | Saved: 'C:\Users\joshu\Documents\BGC\blender\renders\m23\m23r\serendra_bamboo\ROOF_OBLIQUE.png'

Info: Saved as "serendra_bamboo.blend"
18:09:54 | INFO: Starting glTF 2.0 export
18:09:54 | INFO: Extracting primitive: serendra_mahogany_ALUMINUM_LIGHT
18:09:54 | INFO: Primitives created: 1
18:09:54 | INFO: Extracting primitive: serendra_mahogany_GLASS_NEUTRAL
18:09:54 | INFO: Primitives created: 1
18:09:54 | INFO: Extracting primitive: serendra_mahogany_STONE_LIGHT
18:09:54 | INFO: Primitives created: 1
18:09:54 | INFO: Finished glTF 2.0 export in 0.03128457069396973 s
02:55.703  render           | Saved: 'C:\Users\joshu\Documents\BGC\blender\renders\m23\m23r\serendra_mahogany\AERIAL.png'
02:56.390  render           | Saved: 'C:\Users\joshu\Documents\BGC\blender\renders\m23\m23r\serendra_mahogany\STREET_FRONT.png'
02:57.046  render           | Saved: 'C:\Users\joshu\Documents\BGC\blender\renders\m23\m23r\serendra_mahogany\STREET_REAR.png'
02:57.703  render           | Saved: 'C:\Users\joshu\Documents\BGC\blender\renders\m23\m23r\serendra_mahogany\LEFT.png'
02:58.421  render           | Saved: 'C:\Users\joshu\Documents\BGC\blender\renders\m23\m23r\serendra_mahogany\RIGHT.png'
02:59.125  render           | Saved: 'C:\Users\joshu\Documents\BGC\blender\renders\m23\m23r\serendra_mahogany\ROOF_OBLIQUE.png'

Info: Saved as "serendra_mahogany.blend"
18:09:58 | INFO: Starting glTF 2.0 export
18:09:58 | INFO: Extracting primitive: serendra_palm_ALUMINUM_LIGHT
18:09:58 | INFO: Primitives created: 1
18:09:58 | INFO: Extracting primitive: serendra_palm_GLASS_NEUTRAL
18:09:58 | INFO: Primitives created: 1
18:09:58 | INFO: Extracting primitive: serendra_palm_STONE_BEIGE
18:09:58 | INFO: Primitives created: 1
18:09:58 | INFO: Extracting primitive: serendra_palm_STONE_LIGHT
18:09:58 | INFO: Primitives created: 1
18:09:58 | INFO: Finished glTF 2.0 export in 0.057787418365478516 s
03:00.078  render           | Saved: 'C:\Users\joshu\Documents\BGC\blender\renders\m23\m23r\serendra_palm\AERIAL.png'
03:00.734  render           | Saved: 'C:\Users\joshu\Documents\BGC\blender\renders\m23\m23r\serendra_palm\STREET_FRONT.png'
03:01.328  render           | Saved: 'C:\Users\joshu\Documents\BGC\blender\renders\m23\m23r\serendra_palm\STREET_REAR.png'
03:01.953  render           | Saved: 'C:\Users\joshu\Documents\BGC\blender\renders\m23\m23r\serendra_palm\LEFT.png'
03:02.562  render           | Saved: 'C:\Users\joshu\Documents\BGC\blender\renders\m23\m23r\serendra_palm\RIGHT.png'
03:03.296  render           | Saved: 'C:\Users\joshu\Documents\BGC\blender\renders\m23\m23r\serendra_palm\ROOF_OBLIQUE.png'

Info: Saved as "serendra_palm.blend"
18:10:02 | INFO: Starting glTF 2.0 export
18:10:02 | INFO: Extracting primitive: shangri_ALUMINUM_DARK
18:10:02 | INFO: Primitives created: 1
18:10:02 | INFO: Extracting primitive: shangri_ALUMINUM_LIGHT
18:10:02 | INFO: Primitives created: 1
18:10:02 | INFO: Extracting primitive: shangri_GLASS_BLUE
18:10:03 | INFO: Primitives created: 1
18:10:03 | INFO: Extracting primitive: shangri_GLASS_GREEN
18:10:03 | INFO: Primitives created: 1
18:10:03 | INFO: Extracting primitive: shangri_GLASS_NEUTRAL
18:10:03 | INFO: Primitives created: 1
18:10:03 | INFO: Extracting primitive: shangri_LEAF
18:10:03 | INFO: Primitives created: 1
18:10:03 | INFO: Extracting primitive: shangri_STONE_BEIGE
18:10:03 | INFO: Primitives created: 1
18:10:03 | INFO: Extracting primitive: shangri_STONE_DARK
18:10:03 | INFO: Primitives created: 1
18:10:03 | INFO: Extracting primitive: shangri_STONE_LIGHT
18:10:03 | INFO: Primitives created: 1
18:10:03 | INFO: Extracting primitive: shangri_WATER
18:10:03 | INFO: Primitives created: 1
18:10:03 | INFO: Extracting primitive: shangri_WOOD_WARM
18:10:03 | INFO: Primitives created: 1
18:10:03 | INFO: Finished glTF 2.0 export in 0.13335633277893066 s
03:04.406  render           | Saved: 'C:\Users\joshu\Documents\BGC\blender\renders\m23\m23r\shangri\AERIAL.png'
03:05.031  render           | Saved: 'C:\Users\joshu\Documents\BGC\blender\renders\m23\m23r\shangri\STREET_FRONT.png'
03:05.671  render           | Saved: 'C:\Users\joshu\Documents\BGC\blender\renders\m23\m23r\shangri\STREET_REAR.png'
03:06.296  render           | Saved: 'C:\Users\joshu\Documents\BGC\blender\renders\m23\m23r\shangri\LEFT.png'
03:06.921  render           | Saved: 'C:\Users\joshu\Documents\BGC\blender\renders\m23\m23r\shangri\RIGHT.png'
03:07.593  render           | Saved: 'C:\Users\joshu\Documents\BGC\blender\renders\m23\m23r\shangri\ROOF_OBLIQUE.png'

Info: Saved as "shangri.blend"
18:10:07 | INFO: Starting glTF 2.0 export
18:10:07 | INFO: Extracting primitive: sm_aura_ALUMINUM_DARK
18:10:07 | INFO: Primitives created: 1
18:10:07 | INFO: Extracting primitive: sm_aura_ALUMINUM_LIGHT
18:10:07 | INFO: Primitives created: 1
18:10:07 | INFO: Extracting primitive: sm_aura_GLASS_BLUE
18:10:07 | INFO: Primitives created: 1
18:10:07 | INFO: Extracting primitive: sm_aura_GLASS_NEUTRAL
18:10:07 | INFO: Primitives created: 1
18:10:07 | INFO: Extracting primitive: sm_aura_GRASS
18:10:07 | INFO: Primitives created: 1
18:10:07 | INFO: Extracting primitive: sm_aura_STONE_BEIGE
18:10:07 | INFO: Primitives created: 1
18:10:07 | INFO: Extracting primitive: sm_aura_STONE_LIGHT
18:10:07 | INFO: Primitives created: 1
18:10:07 | INFO: Finished glTF 2.0 export in 0.05367875099182129 s
03:08.734  render           | Saved: 'C:\Users\joshu\Documents\BGC\blender\renders\m23\m23r\sm_aura\AERIAL.png'
03:09.343  render           | Saved: 'C:\Users\joshu\Documents\BGC\blender\renders\m23\m23r\sm_aura\STREET_FRONT.png'
03:09.984  render           | Saved: 'C:\Users\joshu\Documents\BGC\blender\renders\m23\m23r\sm_aura\STREET_REAR.png'
03:10.687  render           | Saved: 'C:\Users\joshu\Documents\BGC\blender\renders\m23\m23r\sm_aura\LEFT.png'
03:11.359  render           | Saved: 'C:\Users\joshu\Documents\BGC\blender\renders\m23\m23r\sm_aura\RIGHT.png'
03:12.000  render           | Saved: 'C:\Users\joshu\Documents\BGC\blender\renders\m23\m23r\sm_aura\ROOF_OBLIQUE.png'

Info: Saved as "sm_aura.blend"
18:10:11 | INFO: Starting glTF 2.0 export
18:10:11 | INFO: Extracting primitive: suites_ALUMINUM_LIGHT
18:10:11 | INFO: Primitives created: 1
18:10:11 | INFO: Extracting primitive: suites_GLASS_NEUTRAL
18:10:11 | INFO: Primitives created: 1
18:10:11 | INFO: Extracting primitive: suites_STONE_BEIGE
18:10:11 | INFO: Primitives created: 1
18:10:11 | INFO: Extracting primitive: suites_STONE_LIGHT
18:10:11 | INFO: Primitives created: 1
18:10:11 | INFO: Finished glTF 2.0 export in 0.045774221420288086 s
03:12.875  render           | Saved: 'C:\Users\joshu\Documents\BGC\blender\renders\m23\m23r\suites\AERIAL.png'
03:13.562  render           | Saved: 'C:\Users\joshu\Documents\BGC\blender\renders\m23\m23r\suites\STREET_FRONT.png'
03:14.234  render           | Saved: 'C:\Users\joshu\Documents\BGC\blender\renders\m23\m23r\suites\STREET_REAR.png'
03:14.859  render           | Saved: 'C:\Users\joshu\Documents\BGC\blender\renders\m23\m23r\suites\LEFT.png'
03:15.531  render           | Saved: 'C:\Users\joshu\Documents\BGC\blender\renders\m23\m23r\suites\RIGHT.png'
03:16.203  render           | Saved: 'C:\Users\joshu\Documents\BGC\blender\renders\m23\m23r\suites\ROOF_OBLIQUE.png'

Info: Saved as "suites.blend"
18:10:15 | INFO: Starting glTF 2.0 export
18:10:15 | INFO: Extracting primitive: uniqlo_ALUMINUM_DARK
18:10:15 | INFO: Primitives created: 1
18:10:15 | INFO: Extracting primitive: uniqlo_ALUMINUM_LIGHT
18:10:15 | INFO: Primitives created: 1
18:10:15 | INFO: Extracting primitive: uniqlo_GLASS_BLUE
18:10:15 | INFO: Primitives created: 1
18:10:15 | INFO: Extracting primitive: uniqlo_STONE_BEIGE
18:10:15 | INFO: Primitives created: 1
18:10:15 | INFO: Finished glTF 2.0 export in 0.03351569175720215 s
03:17.078  render           | Saved: 'C:\Users\joshu\Documents\BGC\blender\renders\m23\m23r\uniqlo\AERIAL.png'
03:17.703  render           | Saved: 'C:\Users\joshu\Documents\BGC\blender\renders\m23\m23r\uniqlo\STREET_FRONT.png'
03:18.296  render           | Saved: 'C:\Users\joshu\Documents\BGC\blender\renders\m23\m23r\uniqlo\STREET_REAR.png'
03:18.906  render           | Saved: 'C:\Users\joshu\Documents\BGC\blender\renders\m23\m23r\uniqlo\LEFT.png'
03:19.500  render           | Saved: 'C:\Users\joshu\Documents\BGC\blender\renders\m23\m23r\uniqlo\RIGHT.png'
03:20.390  render           | Saved: 'C:\Users\joshu\Documents\BGC\blender\renders\m23\m23r\uniqlo\ROOF_OBLIQUE.png'

Info: Saved as "uniqlo.blend"
18:10:19 | INFO: Starting glTF 2.0 export
18:10:19 | INFO: Extracting primitive: uptown_mall_ALUMINUM_DARK
18:10:20 | INFO: Primitives created: 1
18:10:20 | INFO: Extracting primitive: uptown_mall_ALUMINUM_LIGHT
18:10:20 | INFO: Primitives created: 1
18:10:20 | INFO: Extracting primitive: uptown_mall_GLASS_BLUE
18:10:20 | INFO: Primitives created: 1
18:10:20 | INFO: Extracting primitive: uptown_mall_GLASS_NEUTRAL
18:10:20 | INFO: Primitives created: 1
18:10:20 | INFO: Extracting primitive: uptown_mall_STONE_BEIGE
18:10:20 | INFO: Primitives created: 1
18:10:20 | INFO: Finished glTF 2.0 export in 0.058351993560791016 s
03:21.390  render           | Saved: 'C:\Users\joshu\Documents\BGC\blender\renders\m23\m23r\uptown_mall\AERIAL.png'
03:22.000  render           | Saved: 'C:\Users\joshu\Documents\BGC\blender\renders\m23\m23r\uptown_mall\STREET_FRONT.png'
03:22.625  render           | Saved: 'C:\Users\joshu\Documents\BGC\blender\renders\m23\m23r\uptown_mall\STREET_REAR.png'
03:23.234  render           | Saved: 'C:\Users\joshu\Documents\BGC\blender\renders\m23\m23r\uptown_mall\LEFT.png'
03:23.828  render           | Saved: 'C:\Users\joshu\Documents\BGC\blender\renders\m23\m23r\uptown_mall\RIGHT.png'
03:24.421  render           | Saved: 'C:\Users\joshu\Documents\BGC\blender\renders\m23\m23r\uptown_mall\ROOF_OBLIQUE.png'

Info: Saved as "uptown_mall.blend"
Blender 5.2.1 LTS (hash 9e2066aef7ef built 2026-08-25 02:38:20)

Blender quit
